warning: patch for the non root package will be ignored, specify patch at the workspace root:
package:   /tmp/wt-932/rust-executor/Cargo.toml
workspace: /tmp/wt-932/Cargo.toml
warning: ad4m-executor@0.13.0-test-interpretation-2: Downloading alliance DNA v0.61.0 from GitHub...
warning: ad4m-executor@0.13.0-test-interpretation-2: Downloaded alliance DNA v0.61.0 (4801296 bytes)
warning: unused import: `super::*`
 --> rust-executor/src/perspectives/flow_evaluator/unit_tests.rs:9:5
  |
9 | use super::*;
  |     ^^^^^^^^
  |
  = note: `#[warn(unused_imports)]` (part of `#[warn(unused)]`) on by default

warning: `ad4m-executor` (lib test) generated 1 warning (run `cargo fix --lib -p ad4m-executor --tests` to apply 1 suggestion)
    Finished `release` profile [optimized] target(s) in 1.37s
warning: the following packages contain code that will be rejected by a future version of Rust: xml5ever v0.16.2
note: to see what the problems were, use the option `--future-incompat-report`, or run `cargo report future-incompatibilities --id 1`
     Running unittests src/lib.rs (/tmp/wt-932/target/release/deps/rust_executor-b76bd974dc5bcc00)

running 1 test
test perspectives::interpretation_e2e::auto_processor_two_users_one_executor_no_double_processing ... ok

test result: ok. 1 passed; 0 failed; 0 ignored; 0 measured; 1351 filtered out; finished in 7.02s

     Running unittests src/bin/generate_snapshot.rs (/tmp/wt-932/target/release/deps/generate_snapshot-a7924881aa0e6c91)

running 0 tests

test result: ok. 0 passed; 0 failed; 0 ignored; 0 measured; 0 filtered out; finished in 0.00s

=== RERUN_GREEN ===
