warning: patch for the non root package will be ignored, specify patch at the workspace root:
package:   /home/data/code/ad4m/.worktrees/extraction-ws-ts/rust-executor/Cargo.toml
workspace: /home/data/code/ad4m/.worktrees/extraction-ws-ts/Cargo.toml
warning: ad4m-executor@0.13.0-test-9: Downloading alliance DNA v0.61.0 from GitHub...
warning: ad4m-executor@0.13.0-test-9: Downloaded alliance DNA v0.61.0 (4801296 bytes)
   Compiling ad4m-executor v0.13.0-test-9 (/home/data/code/ad4m/.worktrees/extraction-ws-ts/rust-executor)
warning: unused imports: `OverlayView`, `accept_interpretation`, `list_overlays`, `overlay_of`, and `reject_interpretation`
  --> rust-executor/src/perspectives/interpretation/overlay/mod.rs:48:5
   |
48 |     accept_interpretation, list_overlays, overlay_of, reject_interpretation, OverlayView,
   |     ^^^^^^^^^^^^^^^^^^^^^  ^^^^^^^^^^^^^  ^^^^^^^^^^  ^^^^^^^^^^^^^^^^^^^^^  ^^^^^^^^^^^
   |
   = note: `#[warn(unused_imports)]` (part of `#[warn(unused)]`) on by default

warning: function `semantic_dedup_pure` is never used
   --> rust-executor/src/perspectives/interpretation/dedup.rs:135:15
    |
135 | pub(crate) fn semantic_dedup_pure(
    |               ^^^^^^^^^^^^^^^^^^^
    |
    = note: `#[warn(dead_code)]` (part of `#[warn(unused)]`) on by default

warning: function `identity_values_by_class` is never used
  --> rust-executor/src/perspectives/interpretation/graph/mod.rs:31:15
   |
31 | pub(crate) fn identity_values_by_class(
   |               ^^^^^^^^^^^^^^^^^^^^^^^^

warning: constant `OVERLAY_RUN_PRED` is never used
  --> rust-executor/src/perspectives/interpretation/overlay/accept.rs:27:7
   |
27 | const OVERLAY_RUN_PRED: &str = "ad4m://interp/run";
   |       ^^^^^^^^^^^^^^^^

warning: struct `OverlayView` is never constructed
  --> rust-executor/src/perspectives/interpretation/overlay/accept.rs:31:19
   |
31 | pub(crate) struct OverlayView {
   |                   ^^^^^^^^^^^

warning: function `overlay_of` is never used
  --> rust-executor/src/perspectives/interpretation/overlay/accept.rs:45:21
   |
45 | pub(crate) async fn overlay_of(
   |                     ^^^^^^^^^^

warning: function `list_overlays` is never used
  --> rust-executor/src/perspectives/interpretation/overlay/accept.rs:73:21
   |
73 | pub(crate) async fn list_overlays(
   |                     ^^^^^^^^^^^^^

warning: function `accept_interpretation` is never used
  --> rust-executor/src/perspectives/interpretation/overlay/accept.rs:98:21
   |
98 | pub(crate) async fn accept_interpretation(
   |                     ^^^^^^^^^^^^^^^^^^^^^

warning: function `reject_interpretation` is never used
   --> rust-executor/src/perspectives/interpretation/overlay/accept.rs:134:21
    |
134 | pub(crate) async fn reject_interpretation(
    |                     ^^^^^^^^^^^^^^^^^^^^^

warning: function `links_from` is never used
   --> rust-executor/src/perspectives/interpretation/overlay/accept.rs:170:10
    |
170 | async fn links_from(
    |          ^^^^^^^^^^

warning: function `first_target` is never used
   --> rust-executor/src/perspectives/interpretation/overlay/accept.rs:182:4
    |
182 | fn first_target(links: &[DecoratedLinkExpression], predicate: &str) -> Option<String> {
    |    ^^^^^^^^^^^^

warning: function `inferred_links` is never used
   --> rust-executor/src/perspectives/interpretation/overlay/accept.rs:191:4
    |
191 | fn inferred_links<'a>(
    |    ^^^^^^^^^^^^^^

warning: function `is_overlay_link` is never used
   --> rust-executor/src/perspectives/interpretation/overlay/accept.rs:211:4
    |
211 | fn is_overlay_link(l: &DecoratedLinkExpression) -> bool {
    |    ^^^^^^^^^^^^^^^

warning: function `remove` is never used
   --> rust-executor/src/perspectives/interpretation/overlay/accept.rs:218:10
    |
218 | async fn remove(
    |          ^^^^^^

warning: function `prune_overlay_shell_if_empty` is never used
   --> rust-executor/src/perspectives/interpretation/overlay/accept.rs:233:10
    |
233 | async fn prune_overlay_shell_if_empty(
    |          ^^^^^^^^^^^^^^^^^^^^^^^^^^^^

warning: `ad4m-executor` (lib) generated 15 warnings (run `cargo fix --lib -p ad4m-executor` to apply 1 suggestion)
    Finished `release` profile [optimized] target(s) in 1m 38s
warning: the following packages contain code that will be rejected by a future version of Rust: xml5ever v0.16.2
note: to see what the problems were, use the option `--future-incompat-report`, or run `cargo report future-incompatibilities --id 1`
